2025-04-18 10:55:37,890 - INFO - 开始获取所有时间段的Kaito数据...
2025-04-18 10:55:37,890 - INFO - 开始获取24h时间段数据
2025-04-18 10:55:37,891 - INFO - 开始从Kaito API获取24h时间段的数据...
2025-04-18 10:55:37,894 - DEBUG - Starting new HTTPS connection (1): hub.kaito.ai:443
2025-04-18 10:55:38,378 - DEBUG - https://hub.kaito.ai:443 "POST /api/v1/gateway/ai HTTP/1.1" 201 117721
2025-04-18 10:55:38,660 - DEBUG - API状态码: 201
2025-04-18 10:55:38,661 - DEBUG - API响应头: {'Content-Type': 'application/json; charset=utf-8', 'Content-Length': '117721', 'Connection': 'keep-alive', 'Date': 'Fri, 18 Apr 2025 02:55:39 GMT', 'ETag': 'W/"1cbd9-kbtf7RSTEZUmjpQ+wER/lGEoqLM"', 'X-Powered-By': 'Express', 'Access-Control-Allow-Origin': '*', 'Access-Control-Allow-Credentials': 'true', 'Access-Control-Expose-Headers': 'Encryption', 'x-trace-id': 'Root=1-6801bf2b-4c1c55011daa8f4d517455a3', 'X-Cache': 'Miss from cloudfront', 'Via': '1.1 19056a47d1251c84779bf0657be8250c.cloudfront.net (CloudFront)', 'X-Amz-Cf-Pop': 'HKG1-P2', 'X-Amz-Cf-Id': 'RjACA8MsVfinUrj5tN_i1SY0LeiRmLn2eN-YDrZB4LlJPJi8DI3x9g=='}
2025-04-18 10:55:38,665 - INFO - 成功获取24h时间段数据，共75条记录
2025-04-18 10:55:38,666 - INFO - 成功添加24h时间段数据
2025-04-18 10:55:39,667 - INFO - 开始获取48h时间段数据
2025-04-18 10:55:39,667 - INFO - 开始从Kaito API获取48h时间段的数据...
2025-04-18 10:55:39,669 - DEBUG - Starting new HTTPS connection (1): hub.kaito.ai:443
2025-04-18 10:55:40,462 - DEBUG - https://hub.kaito.ai:443 "POST /api/v1/gateway/ai HTTP/1.1" 201 165664
2025-04-18 10:55:40,752 - DEBUG - API状态码: 201
2025-04-18 10:55:40,752 - DEBUG - API响应头: {'Content-Type': 'application/json; charset=utf-8', 'Content-Length': '165664', 'Connection': 'keep-alive', 'Date': 'Fri, 18 Apr 2025 02:55:41 GMT', 'ETag': 'W/"28720-hysV8xTQUCMrXNQmvKQG+yKvHYI"', 'X-Powered-By': 'Express', 'Access-Control-Allow-Origin': '*', 'Access-Control-Allow-Credentials': 'true', 'Access-Control-Expose-Headers': 'Encryption', 'x-trace-id': 'Root=1-6801bf2d-424d7f046fd8870860ae23c1', 'X-Cache': 'Miss from cloudfront', 'Via': '1.1 afbffbf31e4b35b2487f6c05aa7eb146.cloudfront.net (CloudFront)', 'X-Amz-Cf-Pop': 'HKG1-P2', 'X-Amz-Cf-Id': 'TAZHrAwfrhqSBc-IWbqxq2Pd3jpcnve078oNFnRA-oiNEG2ZtWGiEA=='}
2025-04-18 10:55:40,755 - INFO - 成功获取48h时间段数据，共106条记录
2025-04-18 10:55:40,755 - INFO - 成功添加48h时间段数据
2025-04-18 10:55:41,756 - INFO - 开始获取7d时间段数据
2025-04-18 10:55:41,756 - INFO - 开始从Kaito API获取7d时间段的数据...
2025-04-18 10:55:41,757 - DEBUG - Starting new HTTPS connection (1): hub.kaito.ai:443
2025-04-18 10:55:42,104 - DEBUG - https://hub.kaito.ai:443 "POST /api/v1/gateway/ai HTTP/1.1" 201 186652
2025-04-18 10:55:42,250 - DEBUG - API状态码: 201
2025-04-18 10:55:42,250 - DEBUG - API响应头: {'Content-Type': 'application/json; charset=utf-8', 'Content-Length': '186652', 'Connection': 'keep-alive', 'Date': 'Fri, 18 Apr 2025 02:55:43 GMT', 'ETag': 'W/"2d91c-AXHD2p8c1WVEPjLzpNvguyb51bY"', 'X-Powered-By': 'Express', 'Access-Control-Allow-Origin': '*', 'Access-Control-Allow-Credentials': 'true', 'Access-Control-Expose-Headers': 'Encryption', 'x-trace-id': 'Root=1-6801bf2e-6c0d1e01792019a432676072', 'X-Cache': 'Miss from cloudfront', 'Via': '1.1 58ba775d714dc92fa03403ed1757c97e.cloudfront.net (CloudFront)', 'X-Amz-Cf-Pop': 'HKG1-P2', 'X-Amz-Cf-Id': 'xVJ2BQMXTs4bAK1ELU4vFJd6Bqk48WLMYI1bPs8dKDHHE7we4OKTYA=='}
2025-04-18 10:55:42,253 - INFO - 成功获取7d时间段数据，共121条记录
2025-04-18 10:55:42,254 - INFO - 成功添加7d时间段数据
2025-04-18 10:55:43,255 - INFO - 开始获取30d时间段数据
2025-04-18 10:55:43,255 - INFO - 开始从Kaito API获取30d时间段的数据...
2025-04-18 10:55:43,256 - DEBUG - Starting new HTTPS connection (1): hub.kaito.ai:443
2025-04-18 10:55:43,621 - DEBUG - https://hub.kaito.ai:443 "POST /api/v1/gateway/ai HTTP/1.1" 201 193330
2025-04-18 10:55:43,623 - DEBUG - API状态码: 201
2025-04-18 10:55:43,623 - DEBUG - API响应头: {'Content-Type': 'application/json; charset=utf-8', 'Content-Length': '193330', 'Connection': 'keep-alive', 'Date': 'Fri, 18 Apr 2025 02:55:44 GMT', 'ETag': 'W/"2f332-OmQX0OO5wjAKXto6uh0U+h1bHYI"', 'X-Powered-By': 'Express', 'Access-Control-Allow-Origin': '*', 'Access-Control-Allow-Credentials': 'true', 'Access-Control-Expose-Headers': 'Encryption', 'x-trace-id': 'Root=1-6801bf30-4f550ad34bb34a53544f6110', 'X-Cache': 'Miss from cloudfront', 'Via': '1.1 eeb8c9d74a91405d87a31ef66deea5ca.cloudfront.net (CloudFront)', 'X-Amz-Cf-Pop': 'HKG1-P2', 'X-Amz-Cf-Id': '9VcOTup1ZF8f9JTQvljj4Dinf9p7HuQ5vUeVAHx9Vj3j737uZ5jwWQ=='}
2025-04-18 10:55:43,626 - INFO - 成功获取30d时间段数据，共126条记录
2025-04-18 10:55:43,626 - INFO - 成功添加30d时间段数据
2025-04-18 10:55:44,627 - INFO - 开始获取3m时间段数据
2025-04-18 10:55:44,627 - INFO - 开始从Kaito API获取3m时间段的数据...
2025-04-18 10:55:44,628 - DEBUG - Starting new HTTPS connection (1): hub.kaito.ai:443
2025-04-18 10:55:44,967 - DEBUG - https://hub.kaito.ai:443 "POST /api/v1/gateway/ai HTTP/1.1" 201 195679
2025-04-18 10:55:44,969 - DEBUG - API状态码: 201
2025-04-18 10:55:44,969 - DEBUG - API响应头: {'Content-Type': 'application/json; charset=utf-8', 'Content-Length': '195679', 'Connection': 'keep-alive', 'Date': 'Fri, 18 Apr 2025 02:55:45 GMT', 'ETag': 'W/"2fc5f-mCFTnz+OvWSD1nNF3MpNxO/WdGo"', 'X-Powered-By': 'Express', 'Access-Control-Allow-Origin': '*', 'Access-Control-Allow-Credentials': 'true', 'Access-Control-Expose-Headers': 'Encryption', 'x-trace-id': 'Root=1-6801bf31-07f387ab21f01709052fba7d', 'X-Cache': 'Miss from cloudfront', 'Via': '1.1 78ba337e6b511d133a5ec81ac60c836e.cloudfront.net (CloudFront)', 'X-Amz-Cf-Pop': 'HKG1-P2', 'X-Amz-Cf-Id': 'blfON0yvjH0Rfi8k7GcyYHpCw4ijI0686BlWbpghTvgifpRhes8q_A=='}
2025-04-18 10:55:44,972 - INFO - 成功获取3m时间段数据，共128条记录
2025-04-18 10:55:44,973 - INFO - 成功添加3m时间段数据
2025-04-18 10:55:45,974 - INFO - 开始获取6m时间段数据
2025-04-18 10:55:45,974 - INFO - 开始从Kaito API获取6m时间段的数据...
2025-04-18 10:55:45,975 - DEBUG - Starting new HTTPS connection (1): hub.kaito.ai:443
2025-04-18 10:55:46,337 - DEBUG - https://hub.kaito.ai:443 "POST /api/v1/gateway/ai HTTP/1.1" 201 195672
2025-04-18 10:55:46,339 - DEBUG - API状态码: 201
2025-04-18 10:55:46,340 - DEBUG - API响应头: {'Content-Type': 'application/json; charset=utf-8', 'Content-Length': '195672', 'Connection': 'keep-alive', 'Date': 'Fri, 18 Apr 2025 02:55:47 GMT', 'ETag': 'W/"2fc58-US4JBbG4MLRlkS6Y+S758qetT/U"', 'X-Powered-By': 'Express', 'Access-Control-Allow-Origin': '*', 'Access-Control-Allow-Credentials': 'true', 'Access-Control-Expose-Headers': 'Encryption', 'x-trace-id': 'Root=1-6801bf33-1e4b848714a8797f0474733a', 'X-Cache': 'Miss from cloudfront', 'Via': '1.1 3f6aadef51b11ec9e0969368e410c05e.cloudfront.net (CloudFront)', 'X-Amz-Cf-Pop': 'HKG1-P2', 'X-Amz-Cf-Id': 'TrTxpNWZn5HQlsnKYck75Cx-rSVDhoCFOGXbXRt7Wll90BGEIQAj2w=='}
2025-04-18 10:55:46,343 - INFO - 成功获取6m时间段数据，共128条记录
2025-04-18 10:55:46,343 - INFO - 成功添加6m时间段数据
2025-04-18 10:55:47,344 - INFO - 开始获取12m时间段数据
2025-04-18 10:55:47,344 - INFO - 开始从Kaito API获取12m时间段的数据...
2025-04-18 10:55:47,345 - DEBUG - Starting new HTTPS connection (1): hub.kaito.ai:443
2025-04-18 10:55:47,702 - DEBUG - https://hub.kaito.ai:443 "POST /api/v1/gateway/ai HTTP/1.1" 201 195671
2025-04-18 10:55:47,704 - DEBUG - API状态码: 201
2025-04-18 10:55:47,704 - DEBUG - API响应头: {'Content-Type': 'application/json; charset=utf-8', 'Content-Length': '195671', 'Connection': 'keep-alive', 'Date': 'Fri, 18 Apr 2025 02:55:48 GMT', 'ETag': 'W/"2fc57-ehAj2v6KHkuIXdZasGA6JSt6PqM"', 'X-Powered-By': 'Express', 'Access-Control-Allow-Origin': '*', 'Access-Control-Allow-Credentials': 'true', 'Access-Control-Expose-Headers': 'Encryption', 'x-trace-id': 'Root=1-6801bf34-18bce4ec7b977f580aaa5a15', 'X-Cache': 'Miss from cloudfront', 'Via': '1.1 3be35e55079bc1ff522d45fb92e6dde2.cloudfront.net (CloudFront)', 'X-Amz-Cf-Pop': 'HKG1-P2', 'X-Amz-Cf-Id': 'nxLe8ze09atFCZX-VZsWCsaWx7fCVX6oovDRdYRwiKBxgsqPeUArjw=='}
2025-04-18 10:55:47,709 - INFO - 成功获取12m时间段数据，共128条记录
2025-04-18 10:55:47,710 - INFO - 成功添加12m时间段数据
2025-04-18 10:55:48,721 - INFO - 数据保存成功: C:\Users\190680\jh_c\airdrop\kaito\foresightnews-renderer\public\data\kaito_data_20250418_24h.json
2025-04-18 10:55:48,734 - INFO - 数据保存成功: C:\Users\190680\jh_c\airdrop\kaito\foresightnews-renderer\public\data\kaito_data_20250418_48h.json
2025-04-18 10:55:48,748 - INFO - 数据保存成功: C:\Users\190680\jh_c\airdrop\kaito\foresightnews-renderer\public\data\kaito_data_20250418_7d.json
2025-04-18 10:55:48,761 - INFO - 数据保存成功: C:\Users\190680\jh_c\airdrop\kaito\foresightnews-renderer\public\data\kaito_data_20250418_30d.json
2025-04-18 10:55:48,776 - INFO - 数据保存成功: C:\Users\190680\jh_c\airdrop\kaito\foresightnews-renderer\public\data\kaito_data_20250418_3m.json
2025-04-18 10:55:48,789 - INFO - 数据保存成功: C:\Users\190680\jh_c\airdrop\kaito\foresightnews-renderer\public\data\kaito_data_20250418_6m.json
2025-04-18 10:55:48,807 - INFO - 数据保存成功: C:\Users\190680\jh_c\airdrop\kaito\foresightnews-renderer\public\data\kaito_data_20250418_12m.json
2025-04-18 10:55:48,807 - INFO - 所有时间段数据获取完成并保存到: C:\Users\190680\jh_c\airdrop\kaito\foresightnews-renderer\public\data\kaito_data_20250418_24h.json, C:\Users\190680\jh_c\airdrop\kaito\foresightnews-renderer\public\data\kaito_data_20250418_48h.json, C:\Users\190680\jh_c\airdrop\kaito\foresightnews-renderer\public\data\kaito_data_20250418_7d.json, C:\Users\190680\jh_c\airdrop\kaito\foresightnews-renderer\public\data\kaito_data_20250418_30d.json, C:\Users\190680\jh_c\airdrop\kaito\foresightnews-renderer\public\data\kaito_data_20250418_3m.json, C:\Users\190680\jh_c\airdrop\kaito\foresightnews-renderer\public\data\kaito_data_20250418_6m.json, C:\Users\190680\jh_c\airdrop\kaito\foresightnews-renderer\public\data\kaito_data_20250418_12m.json
